Inputs standardized channel-wise using training stats
Targets standardized column-wise using training stats
Dynamically determined downsampled sequence length: 547
{
  "n_eval_samples": 512,
  "sequence_length": 4379,
  "interpretation": "Right-side wavelength masking probe; lower RMSE is better. This is an occlusion/robustness proxy, not proof of causality.",
  "results": {
    "1.0": {
      "overall_rmse": 0.02421610802412033,
      "per_target_rmse": {
        "H2O": 0.01660456322133541,
        "CO2": 0.06916987150907516,
        "O2": 0.052221909165382385,
        "N2": 0.12474830448627472,
        "CH4": 0.011447286233305931,
        "N2O": 0.0025522131472826004,
        "CO": 0.006019506137818098,
        "O3": 0.0003572673595044762,
        "SO2": 0.005522317253053188,
        "NH3": 0.0018052362138405442,
        "C2H6": 0.000141191398142837,
        "NO2": 3.597614295358653e-06
      }
    },
    "0.75": {
      "overall_rmse": 0.04338142275810242,
      "per_target_rmse": {
        "H2O": 0.022650117054581642,
        "CO2": 0.1657412350177765,
        "O2": 0.1248164027929306,
        "N2": 0.1689547598361969,
        "CH4": 0.016810214146971703,
        "N2O": 0.006547009572386742,
        "CO": 0.006156607531011105,
        "O3": 0.0005081210983917117,
        "SO2": 0.005886329337954521,
        "NH3": 0.002347273752093315,
        "C2H6": 0.00015394287765957415,
        "NO2": 5.047777449362911e-06
      },
      "rmse_increase_vs_full": 0.019165314733982086
    },
    "0.5": {
      "overall_rmse": 0.05395132675766945,
      "per_target_rmse": {
        "H2O": 0.033333417028188705,
        "CO2": 0.17593684792518616,
        "O2": 0.20274756848812103,
        "N2": 0.18066327273845673,
        "CH4": 0.029621178284287453,
        "N2O": 0.005191940348595381,
        "CO": 0.006895420607179403,
        "O3": 0.0010822397889569402,
        "SO2": 0.00810056272894144,
        "NH3": 0.003635955508798361,
        "C2H6": 0.0002004151901928708,
        "NO2": 7.158962944231462e-06
      },
      "rmse_increase_vs_full": 0.029735218733549118
    },
    "0.25": {
      "overall_rmse": 0.0662173330783844,
      "per_target_rmse": {
        "H2O": 0.032518066465854645,
        "CO2": 0.17524297535419464,
        "O2": 0.2823600172996521,
        "N2": 0.24623583257198334,
        "CH4": 0.03137728571891785,
        "N2O": 0.005190000869333744,
        "CO": 0.006940710823982954,
        "O3": 0.0014397285412997007,
        "SO2": 0.00910855457186699,
        "NH3": 0.003979652188718319,
        "C2H6": 0.0002054592769127339,
        "NO2": 9.740699169924483e-06
      },
      "rmse_increase_vs_full": 0.04200122505426407
    }
  }
}
